../Core/Src/main.c:131:8:DisplayPotentiometer	48	static
../Core/Src/main.c:86:5:main	16	static
../Core/Src/main.c:171:6:SystemClock_Config	112	static
../Core/Src/main.c:223:13:MX_ADC_Init	24	static
../Core/Src/main.c:277:13:MX_I2C1_Init	8	static
../Core/Src/main.c:325:13:MX_I2C2_Init	8	static
../Core/Src/main.c:373:13:MX_SPI2_Init	8	static
../Core/Src/main.c:413:13:MX_TIM14_Init	8	static
../Core/Src/main.c:444:13:MX_TSC_Init	8	static
../Core/Src/main.c:487:13:MX_USB_PCD_Init	8	static
../Core/Src/main.c:519:13:MX_GPIO_Init	48	static
../Core/Src/main.c:573:6:Error_Handler	8	static,ignoring_inline_asm
